// Jest Snapshot v1, https://goo.gl/fbAQLP

exports[`renders correctly 1`] = `
<nav
  className="Navstyle"
>
  <div>
    <a
      href="/"
      label="link logo"
    >
      <img
        alt=""
        className="stylelogo"
        src="Logo_ARTCHICAGO.jpg"
      />
    </a>
  </div>
  <form
    className="styleSearch"
    onSubmit={[Function]}
  >
    <input
      className="styleinputsearch"
      name="title"
      onChange={[Function]}
      placeholder="search by name"
      type="text"
    />
    <button
      className="stylesearchbutton"
      type="submit"
    >
      <svg
        fill="currentColor"
        height="1em"
        stroke="currentColor"
        strokeWidth="0"
        style={
          Object {
            "color": undefined,
          }
        }
        viewBox="0 0 24 24"
        width="1em"
        xmlns="http://www.w3.org/2000/svg"
      >
        <path
          d="M10 18a7.952 7.952 0 0 0 4.897-1.688l4.396 4.396 1.414-1.414-4.396-4.396A7.952 7.952 0 0 0 18 10c0-4.411-3.589-8-8-8s-8 3.589-8 8 3.589 8 8 8zm0-14c3.309 0 6 2.691 6 6s-2.691 6-6 6-6-2.691-6-6 2.691-6 6-6z"
        />
      </svg>
    </button>
  </form>
  <ul
    className="styleMenu"
  >
    <li>
      <a
        className="linkstyles"
        href="/About me"
        onClick={[Function]}
      >
        About me
      </a>
    </li>
    <li>
      <a
        className="linkstyles"
        href="/References"
        onClick={[Function]}
      >
        References
      </a>
    </li>
  </ul>
</nav>
`;
